2025-01-14 11:43:55,138 [INFO] - Loading model: /mnt/lustre-grete/usr/u12649/models/cellvit_plusplus/checkpoints/CellViT-SAM-H-x40-AMP.pth
/user/titus.griebel/u12649/CellViT-plus-plus/cellvit/inference/inference_disk.py:206: FutureWarning: You are using `torch.load` with `weights_only=False` (the current default value), which uses the default pickle module implicitly. It is possible to construct malicious pickle data which will execute arbitrary code during unpickling (See https://github.com/pytorch/pytorch/blob/main/SECURITY.md#untrusted-models for more details). In a future release, the default value for `weights_only` will be flipped to `True`. This limits the functions that could be executed during unpickling. Arbitrary objects will no longer be allowed to be loaded via this mode unless they are explicitly allowlisted by the user via `torch.serialization.add_safe_globals`. We recommend you start setting `weights_only=True` for any use case where you don't have full control of the loaded file. Please open an issue on GitHub for any issues related to this experimental feature.
  model_checkpoint = torch.load(self.model_path, map_location="cpu")
2025-01-14 11:44:07,832 [INFO] - <All keys matched successfully>
2025-01-14 11:44:08,592 [INFO] - Based on the hardware we limit the batch size to a maximum of:
2025-01-14 11:44:08,592 [INFO] - 16
2025-01-14 11:44:08,592 [INFO] - Loading inference transformations
2025-01-14 11:44:12,300	INFO worker.py:1724 -- Started a local Ray instance.
2025-01-14 11:44:19,756 [INFO] - Using 4 ray-workers
2025-01-14 11:44:19,756 [INFO] - Processing whole dataset
2025-01-14 11:44:19,756 [INFO] - Loading files from filelist /mnt/lustre-grete/usr/u12649/data/cvtplus/preprocessed/cpm15/file_lists/cpm15_filelist.csv
2025-01-14 11:44:19,764 [INFO] - Progress: 1/3
2025-01-14 11:44:19,764 [INFO] - Processing WSI: 0002.tiff
2025-01-14 11:44:19,764 [INFO] - Preparing WSI - Loading tissue region and prepare patches
2025-01-14 11:44:19,781 [INFO] - Using target_mpp: 0.25 instead of 0.25
2025-01-14 11:44:20,214 [INFO] - Extracting cells using CellViT...
  0%|          | 0/1 [00:00<?, ?it/s]100%|██████████| 1/1 [00:02<00:00,  2.17s/it]2025-01-14 11:44:22,388 [INFO] - Waiting for final batches to be processed...
100%|██████████| 1/1 [00:06<00:00,  6.06s/it]
2025-01-14 11:44:26,273 [INFO] - Unpack Batches
2025-01-14 11:44:26,273 [INFO] - Initializing Cell-Postprocessor
2025-01-14 11:44:26,281 [INFO] - Finding edge-cells for merging
2025-01-14 11:44:26,294 [INFO] - Removal of cells detected multiple times
2025-01-14 11:44:26,301 [INFO] - Iteration 0: Found overlap of # cells: 0
2025-01-14 11:44:26,301 [INFO] - Found all overlapping cells
2025-01-14 11:44:26,302 [INFO] - Detected cells after cleaning: 70
2025-01-14 11:44:26,338 [INFO] - Finished with cell detection for WSI 0002
2025-01-14 11:44:26,338 [INFO] - Stats:
2025-01-14 11:44:26,338 [INFO] - {'Connective': 29, 'Epithelial': 26, 'Inflammatory': 15}
2025-01-14 11:44:26,339 [INFO] - Progress: 2/3
2025-01-14 11:44:26,339 [INFO] - Processing WSI: 0003.tiff
2025-01-14 11:44:26,339 [INFO] - Preparing WSI - Loading tissue region and prepare patches
2025-01-14 11:44:26,347 [INFO] - Using target_mpp: 0.25 instead of 0.25
2025-01-14 11:44:26,471 [INFO] - Extracting cells using CellViT...
  0%|          | 0/1 [00:00<?, ?it/s]100%|██████████| 1/1 [00:00<00:00,  3.88it/s]2025-01-14 11:44:26,729 [INFO] - Waiting for final batches to be processed...
100%|██████████| 1/1 [00:05<00:00,  5.08s/it]
2025-01-14 11:44:31,552 [INFO] - Unpack Batches
2025-01-14 11:44:31,552 [INFO] - Initializing Cell-Postprocessor
2025-01-14 11:44:31,555 [INFO] - Finding edge-cells for merging
2025-01-14 11:44:31,562 [INFO] - Removal of cells detected multiple times
2025-01-14 11:44:31,565 [INFO] - Iteration 0: Found overlap of # cells: 0
2025-01-14 11:44:31,565 [INFO] - Found all overlapping cells
2025-01-14 11:44:31,567 [INFO] - Detected cells after cleaning: 108
2025-01-14 11:44:31,591 [INFO] - Finished with cell detection for WSI 0003
2025-01-14 11:44:31,591 [INFO] - Stats:
2025-01-14 11:44:31,591 [INFO] - {'Epithelial': 51, 'Connective': 39, 'Neoplastic': 13, 'Inflammatory': 5}
2025-01-14 11:44:31,594 [INFO] - Progress: 3/3
2025-01-14 11:44:31,594 [INFO] - Processing WSI: 0004.tiff
2025-01-14 11:44:31,594 [INFO] - Preparing WSI - Loading tissue region and prepare patches
2025-01-14 11:44:31,603 [INFO] - Using target_mpp: 0.25 instead of 0.25
2025-01-14 11:44:31,727 [INFO] - Extracting cells using CellViT...
  0%|          | 0/1 [00:00<?, ?it/s]100%|██████████| 1/1 [00:00<00:00,  4.06it/s]2025-01-14 11:44:31,974 [INFO] - Waiting for final batches to be processed...
100%|██████████| 1/1 [00:05<00:00,  5.00s/it]
2025-01-14 11:44:36,731 [INFO] - Unpack Batches
2025-01-14 11:44:36,731 [INFO] - Initializing Cell-Postprocessor
2025-01-14 11:44:36,734 [INFO] - Finding edge-cells for merging
2025-01-14 11:44:36,742 [INFO] - Removal of cells detected multiple times
2025-01-14 11:44:36,744 [INFO] - Iteration 0: Found overlap of # cells: 0
2025-01-14 11:44:36,745 [INFO] - Found all overlapping cells
2025-01-14 11:44:36,746 [INFO] - Detected cells after cleaning: 54
2025-01-14 11:44:36,772 [INFO] - Finished with cell detection for WSI 0004
2025-01-14 11:44:36,772 [INFO] - Stats:
2025-01-14 11:44:36,772 [INFO] - {'Neoplastic': 43, 'Connective': 8, 'Epithelial': 3}
2025-01-14 11:44:36,775 [INFO] - Finished processing
Running inference with CellViT-plus-plus SAM-H-x40-AMP model on cpm15 dataset...
Successfully ran inference with CellViT SAM-H-x40-AMP model on cpm15 dataset
